=== find app/build -name '*.apk' ===
=== build_error.log line count ===
671 /tmp/build_error.log
=== lines containing Exception/Caused by/error/FAILURE ===
164:/home/runner/work/LeviLaunchroidUnlocked-LiquidGlass/LeviLaunchroidUnlocked-LiquidGlass/app/build/generated/data_binding_base_class_source_out/debug/out/org/levimc/launcher/databinding/ActivityMainBinding.java:15: error: cannot find symbol
165-import com.example.liquidglass.LiquidGlassButton;
166-                              ^
--
169:/home/runner/work/LeviLaunchroidUnlocked-LiquidGlass/LeviLaunchroidUnlocked-LiquidGlass/app/build/generated/data_binding_base_class_source_out/debug/out/org/levimc/launcher/databinding/ActivityMainBinding.java:50: error: cannot find symbol
170-  public final LiquidGlassButton launchButton;
171-               ^
--
174:/home/runner/work/LeviLaunchroidUnlocked-LiquidGlass/LeviLaunchroidUnlocked-LiquidGlass/app/build/generated/data_binding_base_class_source_out/debug/out/org/levimc/launcher/databinding/ActivityMainBinding.java:102: error: cannot find symbol
175-      @NonNull LiquidGlassButton launchButton, @NonNull LinearLayout mainCard,
176-               ^
--
179:/home/runner/work/LeviLaunchroidUnlocked-LiquidGlass/LeviLaunchroidUnlocked-LiquidGlass/app/build/generated/data_binding_base_class_source_out/debug/out/org/levimc/launcher/databinding/NavBarBinding.java:16: error: cannot find symbol
180-import com.example.liquidglass.LiquidGlassButton;
181-                              ^
--
184:/home/runner/work/LeviLaunchroidUnlocked-LiquidGlass/LeviLaunchroidUnlocked-LiquidGlass/app/build/generated/data_binding_base_class_source_out/debug/out/org/levimc/launcher/databinding/NavBarBinding.java:17: error: cannot find symbol
185-import com.example.liquidglass.LiquidGlassTabBar;
186-                              ^
--
189:/home/runner/work/LeviLaunchroidUnlocked-LiquidGlass/LeviLaunchroidUnlocked-LiquidGlass/app/build/generated/data_binding_base_class_source_out/debug/out/org/levimc/launcher/databinding/NavBarBinding.java:54: error: cannot find symbol
190-  public final LiquidGlassButton navSignInButton;
191-               ^
--
194:/home/runner/work/LeviLaunchroidUnlocked-LiquidGlass/LeviLaunchroidUnlocked-LiquidGlass/app/build/generated/data_binding_base_class_source_out/debug/out/org/levimc/launcher/databinding/NavBarBinding.java:57: error: cannot find symbol
195-  public final LiquidGlassTabBar navTabBar;
196-               ^
--
199:/home/runner/work/LeviLaunchroidUnlocked-LiquidGlass/LeviLaunchroidUnlocked-LiquidGlass/app/build/generated/data_binding_base_class_source_out/debug/out/org/levimc/launcher/databinding/NavBarBinding.java:63: error: cannot find symbol
200-      @NonNull ImageView navLogo, @NonNull LiquidGlassButton navSignInButton,
201-                                           ^
--
204:/home/runner/work/LeviLaunchroidUnlocked-LiquidGlass/LeviLaunchroidUnlocked-LiquidGlass/app/build/generated/data_binding_base_class_source_out/debug/out/org/levimc/launcher/databinding/NavBarBinding.java:64: error: cannot find symbol
205-      @NonNull LiquidGlassTabBar navTabBar) {
206-               ^
--
209:/home/runner/work/LeviLaunchroidUnlocked-LiquidGlass/LeviLaunchroidUnlocked-LiquidGlass/app/src/main/java/org/levimc/launcher/ui/activities/BaseActivity.java:187: error: cannot find symbol
210-        com.example.liquidglass.LiquidGlassTabBar tabBar = findViewById(R.id.nav_tab_bar);
211-                               ^
--
214:/home/runner/work/LeviLaunchroidUnlocked-LiquidGlass/LeviLaunchroidUnlocked-LiquidGlass/app/src/main/java/org/levimc/launcher/ui/activities/BaseActivity.java:234: error: cannot find symbol
215-                navGlass.setGlassMaterial(com.example.liquidglass.GlassMaterial.CLEAR);
216-                        ^
--
219:/home/runner/work/LeviLaunchroidUnlocked-LiquidGlass/LeviLaunchroidUnlocked-LiquidGlass/app/src/main/java/org/levimc/launcher/ui/activities/BaseActivity.java:352: error: cannot find symbol
220-        com.example.liquidglass.LiquidGlassTabBar tabBar = findViewById(R.id.nav_tab_bar);
221-                               ^
--
224:/home/runner/work/LeviLaunchroidUnlocked-LiquidGlass/LeviLaunchroidUnlocked-LiquidGlass/app/build/generated/data_binding_base_class_source_out/debug/out/org/levimc/launcher/databinding/ActivityMainBinding.java:213: error: cannot find symbol
225-      LiquidGlassButton launchButton = ViewBindings.findChildViewById(rootView, id);
226-      ^
--
229:/home/runner/work/LeviLaunchroidUnlocked-LiquidGlass/LeviLaunchroidUnlocked-LiquidGlass/app/build/generated/data_binding_base_class_source_out/debug/out/org/levimc/launcher/databinding/NavBarBinding.java:150: error: cannot find symbol
230-      LiquidGlassButton navSignInButton = ViewBindings.findChildViewById(rootView, id);
231-      ^
--
234:/home/runner/work/LeviLaunchroidUnlocked-LiquidGlass/LeviLaunchroidUnlocked-LiquidGlass/app/build/generated/data_binding_base_class_source_out/debug/out/org/levimc/launcher/databinding/NavBarBinding.java:156: error: cannot find symbol
235-      LiquidGlassTabBar navTabBar = ViewBindings.findChildViewById(rootView, id);
236-      ^
--
254:  /home/runner/work/LeviLaunchroidUnlocked-LiquidGlass/LeviLaunchroidUnlocked-LiquidGlass/app/build/generated/data_binding_base_class_source_out/debug/out/org/levimc/launcher/databinding/ActivityMainBinding.java:15: error: cannot find symbol
255-  import com.example.liquidglass.LiquidGlassButton;
256-                                ^
--
259:  /home/runner/work/LeviLaunchroidUnlocked-LiquidGlass/LeviLaunchroidUnlocked-LiquidGlass/app/build/generated/data_binding_base_class_source_out/debug/out/org/levimc/launcher/databinding/ActivityMainBinding.java:50: error: cannot find symbol
260-    public final LiquidGlassButton launchButton;
261-                 ^
--
264:  /home/runner/work/LeviLaunchroidUnlocked-LiquidGlass/LeviLaunchroidUnlocked-LiquidGlass/app/build/generated/data_binding_base_class_source_out/debug/out/org/levimc/launcher/databinding/ActivityMainBinding.java:102: error: cannot find symbol
265-        @NonNull LiquidGlassButton launchButton, @NonNull LinearLayout mainCard,
266-                 ^
--
269:  /home/runner/work/LeviLaunchroidUnlocked-LiquidGlass/LeviLaunchroidUnlocked-LiquidGlass/app/build/generated/data_binding_base_class_source_out/debug/out/org/levimc/launcher/databinding/NavBarBinding.java:16: error: cannot find symbol
270-  import com.example.liquidglass.LiquidGlassButton;
271-                                ^
--
274:  /home/runner/work/LeviLaunchroidUnlocked-LiquidGlass/LeviLaunchroidUnlocked-LiquidGlass/app/build/generated/data_binding_base_class_source_out/debug/out/org/levimc/launcher/databinding/NavBarBinding.java:17: error: cannot find symbol
275-  import com.example.liquidglass.LiquidGlassTabBar;
276-                                ^
--
279:  /home/runner/work/LeviLaunchroidUnlocked-LiquidGlass/LeviLaunchroidUnlocked-LiquidGlass/app/build/generated/data_binding_base_class_source_out/debug/out/org/levimc/launcher/databinding/NavBarBinding.java:54: error: cannot find symbol
280-    public final LiquidGlassButton navSignInButton;
281-                 ^
--
284:  /home/runner/work/LeviLaunchroidUnlocked-LiquidGlass/LeviLaunchroidUnlocked-LiquidGlass/app/build/generated/data_binding_base_class_source_out/debug/out/org/levimc/launcher/databinding/NavBarBinding.java:57: error: cannot find symbol
285-    public final LiquidGlassTabBar navTabBar;
286-                 ^
--
289:  /home/runner/work/LeviLaunchroidUnlocked-LiquidGlass/LeviLaunchroidUnlocked-LiquidGlass/app/build/generated/data_binding_base_class_source_out/debug/out/org/levimc/launcher/databinding/NavBarBinding.java:63: error: cannot find symbol
290-        @NonNull ImageView navLogo, @NonNull LiquidGlassButton navSignInButton,
291-                                             ^
--
294:  /home/runner/work/LeviLaunchroidUnlocked-LiquidGlass/LeviLaunchroidUnlocked-LiquidGlass/app/build/generated/data_binding_base_class_source_out/debug/out/org/levimc/launcher/databinding/NavBarBinding.java:64: error: cannot find symbol
295-        @NonNull LiquidGlassTabBar navTabBar) {
296-                 ^
--
299:  /home/runner/work/LeviLaunchroidUnlocked-LiquidGlass/LeviLaunchroidUnlocked-LiquidGlass/app/src/main/java/org/levimc/launcher/ui/activities/BaseActivity.java:187: error: cannot find symbol
300-          com.example.liquidglass.LiquidGlassTabBar tabBar = findViewById(R.id.nav_tab_bar);
301-                                 ^
--
304:  /home/runner/work/LeviLaunchroidUnlocked-LiquidGlass/LeviLaunchroidUnlocked-LiquidGlass/app/src/main/java/org/levimc/launcher/ui/activities/BaseActivity.java:234: error: cannot find symbol
305-                  navGlass.setGlassMaterial(com.example.liquidglass.GlassMaterial.CLEAR);
306-                          ^
--
309:  /home/runner/work/LeviLaunchroidUnlocked-LiquidGlass/LeviLaunchroidUnlocked-LiquidGlass/app/src/main/java/org/levimc/launcher/ui/activities/BaseActivity.java:352: error: cannot find symbol
310-          com.example.liquidglass.LiquidGlassTabBar tabBar = findViewById(R.id.nav_tab_bar);
311-                                 ^
--
314:  /home/runner/work/LeviLaunchroidUnlocked-LiquidGlass/LeviLaunchroidUnlocked-LiquidGlass/app/build/generated/data_binding_base_class_source_out/debug/out/org/levimc/launcher/databinding/ActivityMainBinding.java:213: error: cannot find symbol
315-        LiquidGlassButton launchButton = ViewBindings.findChildViewById(rootView, id);
316-        ^
--
319:  /home/runner/work/LeviLaunchroidUnlocked-LiquidGlass/LeviLaunchroidUnlocked-LiquidGlass/app/build/generated/data_binding_base_class_source_out/debug/out/org/levimc/launcher/databinding/NavBarBinding.java:150: error: cannot find symbol
320-        LiquidGlassButton navSignInButton = ViewBindings.findChildViewById(rootView, id);
321-        ^
--
324:  /home/runner/work/LeviLaunchroidUnlocked-LiquidGlass/LeviLaunchroidUnlocked-LiquidGlass/app/build/generated/data_binding_base_class_source_out/debug/out/org/levimc/launcher/databinding/NavBarBinding.java:156: error: cannot find symbol
325-        LiquidGlassTabBar navTabBar = ViewBindings.findChildViewById(rootView, id);
326-        ^
--
403:/home/runner/work/LeviLaunchroidUnlocked-LiquidGlass/LeviLaunchroidUnlocked-LiquidGlass/app/build/generated/data_binding_base_class_source_out/debug/out/org/levimc/launcher/databinding/ActivityMainBinding.java:15: error: cannot find symbol
404-import com.example.liquidglass.LiquidGlassButton;
405-                              ^
--
408:/home/runner/work/LeviLaunchroidUnlocked-LiquidGlass/LeviLaunchroidUnlocked-LiquidGlass/app/build/generated/data_binding_base_class_source_out/debug/out/org/levimc/launcher/databinding/ActivityMainBinding.java:50: error: cannot find symbol
409-  public final LiquidGlassButton launchButton;
410-               ^
--
413:/home/runner/work/LeviLaunchroidUnlocked-LiquidGlass/LeviLaunchroidUnlocked-LiquidGlass/app/build/generated/data_binding_base_class_source_out/debug/out/org/levimc/launcher/databinding/ActivityMainBinding.java:102: error: cannot find symbol
414-      @NonNull LiquidGlassButton launchButton, @NonNull LinearLayout mainCard,
415-               ^
--
418:/home/runner/work/LeviLaunchroidUnlocked-LiquidGlass/LeviLaunchroidUnlocked-LiquidGlass/app/build/generated/data_binding_base_class_source_out/debug/out/org/levimc/launcher/databinding/NavBarBinding.java:16: error: cannot find symbol
419-import com.example.liquidglass.LiquidGlassButton;
420-                              ^
--
423:/home/runner/work/LeviLaunchroidUnlocked-LiquidGlass/LeviLaunchroidUnlocked-LiquidGlass/app/build/generated/data_binding_base_class_source_out/debug/out/org/levimc/launcher/databinding/NavBarBinding.java:17: error: cannot find symbol
424-import com.example.liquidglass.LiquidGlassTabBar;
425-                              ^
--
428:/home/runner/work/LeviLaunchroidUnlocked-LiquidGlass/LeviLaunchroidUnlocked-LiquidGlass/app/build/generated/data_binding_base_class_source_out/debug/out/org/levimc/launcher/databinding/NavBarBinding.java:54: error: cannot find symbol
429-  public final LiquidGlassButton navSignInButton;
430-               ^
--
433:/home/runner/work/LeviLaunchroidUnlocked-LiquidGlass/LeviLaunchroidUnlocked-LiquidGlass/app/build/generated/data_binding_base_class_source_out/debug/out/org/levimc/launcher/databinding/NavBarBinding.java:57: error: cannot find symbol
434-  public final LiquidGlassTabBar navTabBar;
435-               ^
--
438:/home/runner/work/LeviLaunchroidUnlocked-LiquidGlass/LeviLaunchroidUnlocked-LiquidGlass/app/build/generated/data_binding_base_class_source_out/debug/out/org/levimc/launcher/databinding/NavBarBinding.java:63: error: cannot find symbol
439-      @NonNull ImageView navLogo, @NonNull LiquidGlassButton navSignInButton,
=== first 150 lines ===
Downloading https://services.gradle.org/distributions/gradle-8.13-bin.zip
.............10%.............20%.............30%.............40%.............50%.............60%.............70%.............80%.............90%.............100%

Welcome to Gradle 8.13!

Here are the highlights of this release:
 - Daemon JVM auto-provisioning
 - Enhancements for Scala plugin and JUnit testing
 - Improvements for build authors and plugin developers

For more details see https://docs.gradle.org/8.13/release-notes.html

Starting a Gradle Daemon (subsequent builds will be faster)
> Task :app:preBuild UP-TO-DATE
> Task :app:preDebugBuild UP-TO-DATE

> Task :app:configureCMakeDebug[arm64-v8a]
Checking the license for package CMake 3.22.1 in /usr/local/lib/android/sdk/licenses
License for package CMake 3.22.1 accepted.
Preparing "Install CMake 3.22.1 v.3.22.1".
"Install CMake 3.22.1 v.3.22.1" ready.
Installing CMake 3.22.1 in /usr/local/lib/android/sdk/cmake/3.22.1
"Install CMake 3.22.1 v.3.22.1" complete.
"Install CMake 3.22.1 v.3.22.1" finished.

> Task :app:buildCMakeDebug[arm64-v8a]
> Task :app:mergeDebugJniLibFolders
> Task :minecraft:preBuild UP-TO-DATE
> Task :minecraft:preDebugBuild UP-TO-DATE
> Task :minecraft:mergeDebugJniLibFolders
> Task :minecraft:mergeDebugNativeLibs NO-SOURCE
> Task :pojav_controls:preBuild UP-TO-DATE
> Task :pojav_controls:preDebugBuild UP-TO-DATE
> Task :minecraft:copyDebugJniLibsProjectOnly
> Task :pojav_controls:mergeDebugJniLibFolders
> Task :pojav_controls:mergeDebugNativeLibs NO-SOURCE
> Task :app:checkKotlinGradlePluginConfigurationErrors SKIPPED
> Task :pojav_controls:copyDebugJniLibsProjectOnly
> Task :app:dataBindingMergeDependencyArtifactsDebug
> Task :app:generateDebugResValues
> Task :app:generateDebugResources
> Task :app:injectCrashlyticsMappingFileIdDebug
> Task :app:injectCrashlyticsVersionControlInfoDebug
> Task :app:processDebugGoogleServices
> Task :minecraft:generateDebugResValues
> Task :app:mergeDebugNativeLibs
> Task :minecraft:generateDebugResources
> Task :app:stripDebugDebugSymbols
> Task :app:injectCrashlyticsBuildIdsDebug
> Task :app:extractDebugNativeDebugMetadata
> Task :minecraft:packageDebugResources
> Task :app:mergeDebugNativeDebugMetadata NO-SOURCE
> Task :pojav_controls:generateDebugResValues
> Task :pojav_controls:generateDebugResources
> Task :pojav_controls:packageDebugResources
> Task :app:packageDebugResources
> Task :minecraft:processDebugNavigationResources
> Task :app:mergeDebugResources
> Task :pojav_controls:processDebugNavigationResources
> Task :app:processDebugNavigationResources
> Task :app:generateDebugBuildConfig
> Task :minecraft:writeDebugAarMetadata
> Task :pojav_controls:writeDebugAarMetadata
> Task :pojav_controls:parseDebugLocalResources
> Task :app:parseDebugLocalResources
> Task :minecraft:parseDebugLocalResources
> Task :app:checkDebugAarMetadata
> Task :minecraft:generateDebugRFile
> Task :pojav_controls:generateDebugRFile
> Task :app:compileDebugNavigationResources
> Task :app:dataBindingGenBaseClassesDebug
> Task :app:mapDebugSourceSetPaths
> Task :app:createDebugCompatibleScreenManifests
> Task :app:extractDeepLinksDebug
> Task :minecraft:extractDeepLinksDebug
> Task :pojav_controls:extractDeepLinksDebug
> Task :pojav_controls:compileDebugLibraryResources
> Task :minecraft:checkKotlinGradlePluginConfigurationErrors SKIPPED
> Task :pojav_controls:processDebugManifest
> Task :minecraft:processDebugManifest
> Task :minecraft:compileDebugLibraryResources
> Task :app:processDebugMainManifest
> Task :app:processDebugManifest
> Task :app:processDebugManifestForPackage
> Task :minecraft:javaPreCompileDebug
> Task :minecraft:kaptGenerateStubsDebugKotlin
> Task :app:processDebugResources
> Task :pojav_controls:javaPreCompileDebug
> Task :app:javaPreCompileDebug
> Task :minecraft:kaptDebugKotlin

> Task :pojav_controls:compileDebugJavaWithJavac
Note: /home/runner/work/LeviLaunchroidUnlocked-LiquidGlass/LeviLaunchroidUnlocked-LiquidGlass/pojav_controls/src/main/java/org/levimc/pojavcontrols/PojavControlsEditorActivity.java uses or overrides a deprecated API.
Note: Recompile with -Xlint:deprecation for details.

> Task :minecraft:compileDebugKotlin NO-SOURCE

> Task :minecraft:compileDebugJavaWithJavac
Note: Some input files use or override a deprecated API.
Note: Recompile with -Xlint:deprecation for details.
Note: Some input files use unchecked or unsafe operations.
Note: Recompile with -Xlint:unchecked for details.

> Task :app:mergeDebugShaders
> Task :app:compileDebugShaders NO-SOURCE
> Task :app:generateDebugAssets UP-TO-DATE
> Task :minecraft:mergeDebugShaders
> Task :minecraft:compileDebugShaders NO-SOURCE
> Task :minecraft:generateDebugAssets UP-TO-DATE
> Task :minecraft:mergeDebugAssets
> Task :pojav_controls:mergeDebugShaders
> Task :pojav_controls:compileDebugShaders NO-SOURCE
> Task :pojav_controls:generateDebugAssets UP-TO-DATE
> Task :pojav_controls:bundleLibCompileToJarDebug
> Task :pojav_controls:mergeDebugAssets
> Task :minecraft:bundleLibCompileToJarDebug
> Task :app:mergeDebugAssets
> Task :app:compressDebugAssets
> Task :pojav_controls:bundleLibRuntimeToJarDebug
> Task :app:desugarDebugFileDependencies
> Task :minecraft:bundleLibRuntimeToJarDebug
> Task :minecraft:processDebugJavaRes
> Task :pojav_controls:processDebugJavaRes NO-SOURCE
> Task :app:checkDebugDuplicateClasses
> Task :app:compileDebugKotlin
> Task :app:mergeExtDexDebug

> Task :app:compileDebugKotlin
w: file:///home/runner/work/LeviLaunchroidUnlocked-LiquidGlass/LeviLaunchroidUnlocked-LiquidGlass/app/src/main/java/org/levimc/launcher/core/minecraft/GamePackageManager.kt:421:47 'fun newInstance(): AssetManager!' is deprecated. Deprecated in Java.
w: file:///home/runner/work/LeviLaunchroidUnlocked-LiquidGlass/LeviLaunchroidUnlocked-LiquidGlass/app/src/main/java/org/levimc/launcher/core/minecraft/GamePackageManager.kt:629:49 'constructor(p0: AssetManager!, p1: DisplayMetrics!, p2: Configuration!): Resources' is deprecated. Deprecated in Java.
w: file:///home/runner/work/LeviLaunchroidUnlocked-LiquidGlass/LeviLaunchroidUnlocked-LiquidGlass/app/src/main/java/org/levimc/launcher/core/minecraft/MinecraftActivity.kt:515:36 'fun toggleSoftInput(p0: Int, p1: Int): Unit' is deprecated. Deprecated in Java.
w: file:///home/runner/work/LeviLaunchroidUnlocked-LiquidGlass/LeviLaunchroidUnlocked-LiquidGlass/app/src/main/java/org/levimc/launcher/core/minecraft/MinecraftActivity.kt:515:71 'static field SHOW_FORCED: Int' is deprecated. Deprecated in Java.
w: file:///home/runner/work/LeviLaunchroidUnlocked-LiquidGlass/LeviLaunchroidUnlocked-LiquidGlass/app/src/main/java/org/levimc/launcher/core/minecraft/MinecraftLoadingActivity.kt:62:26 'fun setOnSystemUiVisibilityChangeListener(p0: View.OnSystemUiVisibilityChangeListener!): Unit' is deprecated. Deprecated in Java.
w: file:///home/runner/work/LeviLaunchroidUnlocked-LiquidGlass/LeviLaunchroidUnlocked-LiquidGlass/app/src/main/java/org/levimc/launcher/core/minecraft/MinecraftLoadingActivity.kt:279:9 'fun overridePendingTransition(p0: Int, p1: Int): Unit' is deprecated. Deprecated in Java.
w: file:///home/runner/work/LeviLaunchroidUnlocked-LiquidGlass/LeviLaunchroidUnlocked-LiquidGlass/app/src/main/java/org/levimc/launcher/core/minecraft/MinecraftLoadingActivity.kt:281:9 'fun overridePendingTransition(p0: Int, p1: Int): Unit' is deprecated. Deprecated in Java.
w: file:///home/runner/work/LeviLaunchroidUnlocked-LiquidGlass/LeviLaunchroidUnlocked-LiquidGlass/app/src/main/java/org/levimc/launcher/core/minecraft/MinecraftLoadingActivity.kt:309:18 This declaration overrides a deprecated member but is not marked as deprecated itself. Add the '@Deprecated' annotation or suppress the diagnostic.
w: file:///home/runner/work/LeviLaunchroidUnlocked-LiquidGlass/LeviLaunchroidUnlocked-LiquidGlass/app/src/main/java/org/levimc/launcher/core/minecraft/MinecraftLoadingActivity.kt:332:52 'static field FLAG_FULLSCREEN: Int' is deprecated. Deprecated in Java.
w: file:///home/runner/work/LeviLaunchroidUnlocked-LiquidGlass/LeviLaunchroidUnlocked-LiquidGlass/app/src/main/java/org/levimc/launcher/core/minecraft/MinecraftLoadingActivity.kt:333:16 'var statusBarColor: Int' is deprecated. Deprecated in Java.
w: file:///home/runner/work/LeviLaunchroidUnlocked-LiquidGlass/LeviLaunchroidUnlocked-LiquidGlass/app/src/main/java/org/levimc/launcher/core/minecraft/MinecraftLoadingActivity.kt:334:16 'var navigationBarColor: Int' is deprecated. Deprecated in Java.
w: file:///home/runner/work/LeviLaunchroidUnlocked-LiquidGlass/LeviLaunchroidUnlocked-LiquidGlass/app/src/main/java/org/levimc/launcher/core/minecraft/MinecraftLoadingActivity.kt:337:20 'var isStatusBarContrastEnforced: Boolean' is deprecated. Deprecated in Java.
w: file:///home/runner/work/LeviLaunchroidUnlocked-LiquidGlass/LeviLaunchroidUnlocked-LiquidGlass/app/src/main/java/org/levimc/launcher/core/minecraft/MinecraftLoadingActivity.kt:342:20 'fun setDecorFitsSystemWindows(p0: Boolean): Unit' is deprecated. Deprecated in Java.
w: file:///home/runner/work/LeviLaunchroidUnlocked-LiquidGlass/LeviLaunchroidUnlocked-LiquidGlass/app/src/main/java/org/levimc/launcher/core/minecraft/MinecraftLoadingActivity.kt:350:19 'var systemUiVisibility: Int' is deprecated. Deprecated in Java.
w: file:///home/runner/work/LeviLaunchroidUnlocked-LiquidGlass/LeviLaunchroidUnlocked-LiquidGlass/app/src/main/java/org/levimc/launcher/core/minecraft/MinecraftLoadingActivity.kt:351:18 'static field SYSTEM_UI_FLAG_IMMERSIVE_STICKY: Int' is deprecated. Deprecated in Java.
w: file:///home/runner/work/LeviLaunchroidUnlocked-LiquidGlass/LeviLaunchroidUnlocked-LiquidGlass/app/src/main/java/org/levimc/launcher/core/minecraft/MinecraftLoadingActivity.kt:352:22 'static field SYSTEM_UI_FLAG_FULLSCREEN: Int' is deprecated. Deprecated in Java.
w: file:///home/runner/work/LeviLaunchroidUnlocked-LiquidGlass/LeviLaunchroidUnlocked-LiquidGlass/app/src/main/java/org/levimc/launcher/core/minecraft/MinecraftLoadingActivity.kt:353:22 'static field SYSTEM_UI_FLAG_HIDE_NAVIGATION: Int' is deprecated. Deprecated in Java.
w: file:///home/runner/work/LeviLaunchroidUnlocked-LiquidGlass/LeviLaunchroidUnlocked-LiquidGlass/app/src/main/java/org/levimc/launcher/core/minecraft/MinecraftLoadingActivity.kt:354:22 'static field SYSTEM_UI_FLAG_LAYOUT_FULLSCREEN: Int' is deprecated. Deprecated in Java.
w: file:///home/runner/work/LeviLaunchroidUnlocked-LiquidGlass/LeviLaunchroidUnlocked-LiquidGlass/app/src/main/java/org/levimc/launcher/core/minecraft/MinecraftLoadingActivity.kt:355:22 'static field SYSTEM_UI_FLAG_LAYOUT_HIDE_NAVIGATION: Int' is deprecated. Deprecated in Java.
w: file:///home/runner/work/LeviLaunchroidUnlocked-LiquidGlass/LeviLaunchroidUnlocked-LiquidGlass/app/src/main/java/org/levimc/launcher/core/minecraft/MinecraftLoadingActivity.kt:356:22 'static field SYSTEM_UI_FLAG_LAYOUT_STABLE: Int' is deprecated. Deprecated in Java.
w: file:///home/runner/work/LeviLaunchroidUnlocked-LiquidGlass/LeviLaunchroidUnlocked-LiquidGlass/app/src/main/java/org/levimc/launcher/core/minecraft/MinecraftProcessRestarter.kt:101:17 'fun overridePendingTransition(p0: Int, p1: Int): Unit' is deprecated. Deprecated in Java.
w: file:///home/runner/work/LeviLaunchroidUnlocked-LiquidGlass/LeviLaunchroidUnlocked-LiquidGlass/app/src/main/java/org/levimc/launcher/core/minecraft/MinecraftProcessRestarter.kt:147:17 'fun overridePendingTransition(p0: Int, p1: Int): Unit' is deprecated. Deprecated in Java.
